[6404:17412:0828/061921.050:INFO:components\enterprise\browser\controller\chrome_browser_cloud_management_controller.cc:241] No machine level policy manager exists.
[6404:17412:0828/061921.097:WARNING:chrome\browser\extensions\extension_service.cc:423] --load-extension is not allowed in Google Chrome, ignoring.
[6404:3768:0828/061924.164:ERROR:google_apis\gcm\engine\registration_request.cc:291] Registration response error message: DEPRECATED_ENDPOINT
[6404:17412:0828/061930.170:ERROR:chrome\browser\ui\webui\ntp\new_tab_ui.cc:54] Requested load of chrome://newtab/ for incorrect profile type.
[6404:17412:0828/061931.304:ERROR:chrome\browser\ui\webui\ntp\new_tab_ui.cc:54] Requested load of chrome://newtab/ for incorrect profile type.
[6404:17412:0828/061931.844:ERROR:chrome\browser\ui\webui\ntp\new_tab_ui.cc:54] Requested load of chrome://newtab/ for incorrect profile type.
[6404:17412:0828/061935.411:ERROR:chrome\browser\ui\webui\ntp\new_tab_ui.cc:54] Requested load of chrome://newtab/ for incorrect profile type.
[6404:17412:0828/061935.819:ERROR:chrome\browser\ui\webui\ntp\new_tab_ui.cc:54] Requested load of chrome://newtab/ for incorrect profile type.
[6404:17412:0828/061937.631:ERROR:chrome\browser\ui\webui\ntp\new_tab_ui.cc:54] Requested load of chrome://newtab/ for incorrect profile type.
[6404:17412:0828/061938.136:ERROR:chrome\browser\ui\webui\ntp\new_tab_ui.cc:54] Requested load of chrome://newtab/ for incorrect profile type.
[6404:17412:0828/061939.024:ERROR:chrome\browser\ui\webui\ntp\new_tab_ui.cc:54] Requested load of chrome://newtab/ for incorrect profile type.
[6404:17412:0828/061939.382:INFO:CONSOLE:12] "Slow network is detected. See https://www.chromestatus.com/feature/5636954674692096 for more details. Fallback font will be used while loading: https://fonts.gstatic.com/s/googlesans/v62/4UaRrENHsxJlGDuGo1OIlJfC6l_24rlCK1Yo_Iq2ugCIlsw.woff2", source: https://chromewebstore.google.com/category/extensions (12)
[6404:17412:0828/061939.382:INFO:CONSOLE:12] "Slow network is detected. See https://www.chromestatus.com/feature/5636954674692096 for more details. Fallback font will be used while loading: https://fonts.gstatic.com/s/googlesanstext/v22/5aUp9-KzpRiLCAt4Unrc-xIKmCU5oLlVnmxjtiu7.woff2", source: https://chromewebstore.google.com/category/extensions (12)
[6404:17412:0828/061939.409:INFO:CONSOLE:12] "Slow network is detected. See https://www.chromestatus.com/feature/5636954674692096 for more details. Fallback font will be used while loading: https://fonts.gstatic.com/s/googlesans/v62/4UaRrENHsxJlGDuGo1OIlJfC6l_24rlCK1Yo_Iq2vgCI.woff2", source: https://chromewebstore.google.com/category/extensions (12)
[6404:17412:0828/061939.415:INFO:CONSOLE:12] "Slow network is detected. See https://www.chromestatus.com/feature/5636954674692096 for more details. Fallback font will be used while loading: https://fonts.gstatic.com/s/googlesanstext/v22/5aUp9-KzpRiLCAt4Unrc-xIKmCU5oLlVnmhjtg.woff2", source: https://chromewebstore.google.com/category/extensions (12)
[6404:17412:0828/061939.415:INFO:CONSOLE:12] "Slow network is detected. See https://www.chromestatus.com/feature/5636954674692096 for more details. Fallback font will be used while loading: https://fonts.gstatic.com/s/roboto/v48/KFO7CnqEu92Fr1ME7kSn66aGLdTylUAMa3yUBA.woff2", source: https://chromewebstore.google.com/category/extensions (12)
[6404:17412:0828/061939.465:INFO:CONSOLE:12] "Slow network is detected. See https://www.chromestatus.com/feature/5636954674692096 for more details. Fallback font will be used while loading: https://fonts.gstatic.com/s/productsans/v9/pxiDypQkot1TnFhsFMOfGShVF9eO.woff2", source: https://chromewebstore.google.com/category/extensions (12)
[6404:17412:0828/061939.473:INFO:CONSOLE:12] "Slow network is detected. See https://www.chromestatus.com/feature/5636954674692096 for more details. Fallback font will be used while loading: https://fonts.gstatic.com/s/googlesanstext/v22/5aUu9-KzpRiLCAt4Unrc-xIKmCU5qEp2iw.woff2", source: https://chromewebstore.google.com/category/extensions (12)
[6404:17412:0828/061939.529:INFO:CONSOLE:425] "%c%s color: red; background: yellow; font-size: 24px; ВНИМАНИЕ!", source: https://www.gstatic.com/_/mss/boq-chrome-webstore/_/js/k=boq-chrome-webstore.ChromeWebStoreConsumerFeUi.ru.wtCzVjI8hKU.2018.O/am=AAIBAAAAQCY/d=1/excm=_b,_tp,categoryview/ed=1/dg=0/wt=2/ujg=1/rs=AEP720IEBSLgv1WEPCTpepzpKMoao7uoZQ/dti=1/m=_b,_tp (425)
[6404:17412:0828/061939.529:INFO:CONSOLE:425] "%c%s font-size: 18px; Используя эту консоль, вы можете подвергнуться атаке Self-XSS, что позволит злоумышленникам совершать действия от вашего имени и получать доступ к вашим данным.
Не вводите и не вставляйте программный код, который не понимаете.", source: https://www.gstatic.com/_/mss/boq-chrome-webstore/_/js/k=boq-chrome-webstore.ChromeWebStoreConsumerFeUi.ru.wtCzVjI8hKU.2018.O/am=AAIBAAAAQCY/d=1/excm=_b,_tp,categoryview/ed=1/dg=0/wt=2/ujg=1/rs=AEP720IEBSLgv1WEPCTpepzpKMoao7uoZQ/dti=1/m=_b,_tp (425)
[6404:17412:0828/061939.713:ERROR:chrome\browser\ui\webui\ntp\new_tab_ui.cc:54] Requested load of chrome://newtab/ for incorrect profile type.
[6404:17412:0828/061940.331:INFO:CONSOLE:0] "Slow network is detected. See https://www.chromestatus.com/feature/5636954674692096 for more details. Fallback font will be used while loading: https://fonts.gstatic.com/s/googlesanstext/v22/5aUu9-KzpRiLCAt4Unrc-xIKmCU5qE52i1dC.woff2", source: https://chromewebstore.google.com/category/extensions (0)
[6404:17412:0828/061941.538:ERROR:chrome\browser\ui\webui\ntp\new_tab_ui.cc:54] Requested load of chrome://newtab/ for incorrect profile type.
[6404:17412:0828/061942.233:ERROR:chrome\browser\ui\webui\ntp\new_tab_ui.cc:54] Requested load of chrome://newtab/ for incorrect profile type.
[6404:3768:0828/061950.973:ERROR:google_apis\gcm\engine\registration_request.cc:291] Registration response error message: DEPRECATED_ENDPOINT
[6404:17412:0828/061953.547:INFO:CONSOLE:0] "Slow network is detected. See https://www.chromestatus.com/feature/5636954674692096 for more details. Fallback font will be used while loading: https://fonts.gstatic.com/s/roboto/v48/KFO7CnqEu92Fr1ME7kSn66aGLdTylUAMa3iUBGEe.woff2", source: https://chromewebstore.google.com/detail/faceit-ego-enhancer/iabcbcabiglccadhckmpaddefafgbiem (0)
[6404:17412:0828/062000.828:INFO:CONSOLE:0] "Unchecked runtime.lastError: User cancelled install", source: https://chromewebstore.google.com/detail/faceit-ego-enhancer/iabcbcabiglccadhckmpaddefafgbiem (0)
[16312:9936:0828/062012.928:WARNING:net\extras\sqlite\sqlite_persistent_store_backend_base.cc:181] Failed to post task from FlushAndNotifyInBackground@net\extras\sqlite\sqlite_persistent_store_backend_base.cc:231 to client_task_runner_.
[16312:9936:0828/062012.928:WARNING:net\extras\sqlite\sqlite_persistent_store_backend_base.cc:181] Failed to post task from FlushAndNotifyInBackground@net\extras\sqlite\sqlite_persistent_store_backend_base.cc:231 to client_task_runner_.
